SCRIPT="python3 -m usfmtools.usfmToAccordance --no-para"
$SCRIPT bsb_usfm/*.SFM > bsb.acc
$SCRIPT byz_usfm/*.usfm > byz.acc
$SCRIPT engasv_usfm/*.usfm > asv.acc
$SCRIPT engkjv_usfm/*.usfm > kjv.acc
Warning: Unknown Unknown (\+nd) at line 2964
Warning: Unknown Unknown (\+nd) at line 2240
Warning: Unknown Unknown (\+nd) at line 2255
Warning: Unknown Unknown (\+nd) at line 2472
Warning: Unknown Unknown (\+nd) at line 1480
Warning: Unknown Unknown (\+nd) at line 3039
Warning: Unknown Unknown (\+nd) at line 277
Warning: Unknown Unknown (\+nd) at line 1378
Warning: Unknown Unknown (\+nd) at line 1657
Warning: Unknown Unknown (\+nd) at line 2329
Warning: Unknown Unknown (\+nd) at line 144
Warning: Unknown Unknown (\+nd) at line 1165
Warning: Unknown Unknown (\+nd) at line 1284
Warning: Unknown Unknown (\+add) at line 172
Warning: Unknown Unknown (\+add) at line 251
Warning: Unknown Unknown (\+add) at line 253
Warning: Unknown Unknown (\+add) at line 255
Warning: Unknown Unknown (\+add) at line 257
Warning: Unknown Unknown (\+add) at line 259
Warning: Unknown Unknown (\+add) at line 261
Warning: Unknown Unknown (\+add) at line 263
Warning: Unknown Unknown (\+add) at line 265
Warning: Unknown Unknown (\+add) at line 267
Warning: Unknown Unknown (\+add) at line 268
Warning: Unknown Unknown (\+add) at line 270
Warning: Unknown Unknown (\+add) at line 292
Warning: Unknown Unknown (\+add) at line 295
Warning: Unknown Unknown (\+add) at line 322
Warning: Unknown Unknown (\+add) at line 323
Warning: Unknown Unknown (\+add) at line 326
Warning: Unknown Unknown (\+add) at line 327
Warning: Unknown Unknown (\+add) at line 353
Warning: Unknown Unknown (\+add) at line 370
Warning: Unknown Unknown (\+add) at line 377
Warning: Unknown Unknown (\+add) at line 387
Warning: Unknown Unknown (\+add) at line 394
Warning: Unknown Unknown (\+add) at line 400
Warning: Unknown Unknown (\+add) at line 432
Warning: Unknown Unknown (\+add) at line 451
Warning: Unknown Unknown (\+add) at line 452
Warning: Unknown Unknown (\+add) at line 461
Warning: Unknown Unknown (\+add) at line 470
Warning: Unknown Unknown (\+add) at line 493
Warning: Unknown Unknown (\+add) at line 494
Warning: Unknown Unknown (\+add) at line 496
Warning: Unknown Unknown (\+add) at line 496
Warning: Unknown Unknown (\+add) at line 505
Warning: Unknown Unknown (\+add) at line 568
Warning: Unknown Unknown (\+add) at line 588
Warning: Unknown Unknown (\+add) at line 589
Warning: Unknown Unknown (\+add) at line 638
Warning: Unknown Unknown (\+add) at line 657
Warning: Unknown Unknown (\+add) at line 704
Warning: Unknown Unknown (\+add) at line 704
Warning: Unknown Unknown (\+add) at line 721
Warning: Unknown Unknown (\+add) at line 722
Warning: Unknown Unknown (\+add) at line 739
Warning: Unknown Unknown (\+add) at line 747
Warning: Unknown Unknown (\+add) at line 774
Warning: Unknown Unknown (\+add) at line 775
Warning: Unknown Unknown (\+add) at line 780
Warning: Unknown Unknown (\+add) at line 784
Warning: Unknown Unknown (\+add) at line 788
Warning: Unknown Unknown (\+add) at line 789
Warning: Unknown Unknown (\+add) at line 808
Warning: Unknown Unknown (\+add) at line 825
Warning: Unknown Unknown (\+add) at line 841
Warning: Unknown Unknown (\+add) at line 848
Warning: Unknown Unknown (\+add) at line 852
Warning: Unknown Unknown (\+add) at line 861
Warning: Unknown Unknown (\+add) at line 894
Warning: Unknown Unknown (\+add) at line 895
Warning: Unknown Unknown (\+add) at line 897
Warning: Unknown Unknown (\+add) at line 901
Warning: Unknown Unknown (\+add) at line 917
Warning: Unknown Unknown (\+add) at line 919
Warning: Unknown Unknown (\+add) at line 929
Warning: Unknown Unknown (\+add) at line 966
Warning: Unknown Unknown (\+add) at line 977
Warning: Unknown Unknown (\+add) at line 978
Warning: Unknown Unknown (\+add) at line 982
Warning: Unknown Unknown (\+add) at line 985
Warning: Unknown Unknown (\+add) at line 1006
Warning: Unknown Unknown (\+add) at line 1010
Warning: Unknown Unknown (\+add) at line 1014
Warning: Unknown Unknown (\+add) at line 1018
Warning: Unknown Unknown (\+add) at line 1040
Warning: Unknown Unknown (\+add) at line 1064
Warning: Unknown Unknown (\+add) at line 1066
Warning: Unknown Unknown (\+add) at line 1066
Warning: Unknown Unknown (\+add) at line 1067
Warning: Unknown Unknown (\+add) at line 1069
Warning: Unknown Unknown (\+add) at line 1072
Warning: Unknown Unknown (\+add) at line 1072
Warning: Unknown Unknown (\+add) at line 1073
Warning: Unknown Unknown (\+add) at line 1073
Warning: Unknown Unknown (\+add) at line 1074
Warning: Unknown Unknown (\+add) at line 1078
Warning: Unknown Unknown (\+add) at line 1078
Warning: Unknown Unknown (\+add) at line 1090
Warning: Unknown Unknown (\+add) at line 1134
Warning: Unknown Unknown (\+add) at line 1166
Warning: Unknown Unknown (\+add) at line 1168
Warning: Unknown Unknown (\+add) at line 1169
Warning: Unknown Unknown (\+add) at line 1279
Warning: Unknown Unknown (\+add) at line 1280
Warning: Unknown Unknown (\+add) at line 1280
Warning: Unknown Unknown (\+add) at line 1282
Warning: Unknown Unknown (\+add) at line 1285
Warning: Unknown Unknown (\+add) at line 1288
Warning: Unknown Unknown (\+add) at line 1290
Warning: Unknown Unknown (\+add) at line 1312
Warning: Unknown Unknown (\+add) at line 1326
Warning: Unknown Unknown (\+add) at line 1330
Warning: Unknown Unknown (\+add) at line 1364
Warning: Unknown Unknown (\+add) at line 1365
Warning: Unknown Unknown (\+add) at line 1366
Warning: Unknown Unknown (\+add) at line 1367
Warning: Unknown Unknown (\+add) at line 1386
Warning: Unknown Unknown (\+add) at line 1402
Warning: Unknown Unknown (\+add) at line 1424
Warning: Unknown Unknown (\+add) at line 1523
Warning: Unknown Unknown (\+add) at line 1529
Warning: Unknown Unknown (\+add) at line 1532
Warning: Unknown Unknown (\+add) at line 1543
Warning: Unknown Unknown (\+add) at line 1551
Warning: Unknown Unknown (\+add) at line 1554
Warning: Unknown Unknown (\+add) at line 1610
Warning: Unknown Unknown (\+add) at line 1623
Warning: Unknown Unknown (\+add) at line 1629
Warning: Unknown Unknown (\+add) at line 1630
Warning: Unknown Unknown (\+add) at line 1631
Warning: Unknown Unknown (\+add) at line 1634
Warning: Unknown Unknown (\+add) at line 1635
Warning: Unknown Unknown (\+add) at line 1646
Warning: Unknown Unknown (\+add) at line 1647
Warning: Unknown Unknown (\+add) at line 1652
Warning: Unknown Unknown (\+add) at line 1656
Warning: Unknown Unknown (\+add) at line 1658
Warning: Unknown Unknown (\+add) at line 1682
Warning: Unknown Unknown (\+add) at line 1683
Warning: Unknown Unknown (\+add) at line 1686
Warning: Unknown Unknown (\+add) at line 1702
Warning: Unknown Unknown (\+add) at line 1704
Warning: Unknown Unknown (\+add) at line 1706
Warning: Unknown Unknown (\+add) at line 1710
Warning: Unknown Unknown (\+add) at line 1712
Warning: Unknown Unknown (\+add) at line 1717
Warning: Unknown Unknown (\+add) at line 1717
Warning: Unknown Unknown (\+add) at line 1730
Warning: Unknown Unknown (\+add) at line 1745
Warning: Unknown Unknown (\+add) at line 1779
Warning: Unknown Unknown (\+add) at line 1779
Warning: Unknown Unknown (\+add) at line 1780
Warning: Unknown Unknown (\+add) at line 1824
Warning: Unknown Unknown (\+add) at line 1851
Warning: Unknown Unknown (\+add) at line 1858
Warning: Unknown Unknown (\+add) at line 1877
Warning: Unknown Unknown (\+add) at line 1878
Warning: Unknown Unknown (\+add) at line 1905
Warning: Unknown Unknown (\+add) at line 1906
Warning: Unknown Unknown (\+add) at line 1906
Warning: Unknown Unknown (\+add) at line 1908
Warning: Unknown Unknown (\+add) at line 1911
Warning: Unknown Unknown (\+add) at line 1912
Warning: Unknown Unknown (\+add) at line 1928
Warning: Unknown Unknown (\+add) at line 1930
Warning: Unknown Unknown (\+add) at line 1941
Warning: Unknown Unknown (\+add) at line 1944
Warning: Unknown Unknown (\+add) at line 1981
Warning: Unknown Unknown (\+nd) at line 1990
Warning: Unknown Unknown (\+add) at line 1999
Warning: Unknown Unknown (\+add) at line 2003
Warning: Unknown Unknown (\+add) at line 2011
Warning: Unknown Unknown (\+add) at line 2013
Warning: Unknown Unknown (\+add) at line 2016
Warning: Unknown Unknown (\+add) at line 2023
Warning: Unknown Unknown (\+add) at line 2031
Warning: Unknown Unknown (\+add) at line 2034
Warning: Unknown Unknown (\+add) at line 2038
Warning: Unknown Unknown (\+add) at line 2038
Warning: Unknown Unknown (\+add) at line 2048
Warning: Unknown Unknown (\+add) at line 2050
Warning: Unknown Unknown (\+add) at line 2055
Warning: Unknown Unknown (\+add) at line 2055
Warning: Unknown Unknown (\+add) at line 2060
Warning: Unknown Unknown (\+add) at line 2072
Warning: Unknown Unknown (\+add) at line 2072
Warning: Unknown Unknown (\+add) at line 2076
Warning: Unknown Unknown (\+add) at line 2077
Warning: Unknown Unknown (\+add) at line 2078
Warning: Unknown Unknown (\+add) at line 2084
Warning: Unknown Unknown (\+add) at line 2087
Warning: Unknown Unknown (\+add) at line 2090
Warning: Unknown Unknown (\+add) at line 2109
Warning: Unknown Unknown (\+add) at line 2114
Warning: Unknown Unknown (\+add) at line 2145
Warning: Unknown Unknown (\+add) at line 2146
Warning: Unknown Unknown (\+add) at line 2148
Warning: Unknown Unknown (\+add) at line 2152
Warning: Unknown Unknown (\+add) at line 2153
Warning: Unknown Unknown (\+add) at line 2171
Warning: Unknown Unknown (\+add) at line 2174
Warning: Unknown Unknown (\+add) at line 2180
Warning: Unknown Unknown (\+add) at line 2182
Warning: Unknown Unknown (\+add) at line 2191
Warning: Unknown Unknown (\+add) at line 2203
Warning: Unknown Unknown (\+add) at line 2209
Warning: Unknown Unknown (\+add) at line 2212
Warning: Unknown Unknown (\+add) at line 2214
Warning: Unknown Unknown (\+add) at line 2221
Warning: Unknown Unknown (\+add) at line 2223
Warning: Unknown Unknown (\+add) at line 2232
Warning: Unknown Unknown (\+add) at line 2245
Warning: Unknown Unknown (\+add) at line 2246
Warning: Unknown Unknown (\+add) at line 2252
Warning: Unknown Unknown (\+add) at line 2253
Warning: Unknown Unknown (\+add) at line 2262
Warning: Unknown Unknown (\+add) at line 2276
Warning: Unknown Unknown (\+add) at line 2276
Warning: Unknown Unknown (\+add) at line 2277
Warning: Unknown Unknown (\+add) at line 2281
Warning: Unknown Unknown (\+add) at line 2283
Warning: Unknown Unknown (\+add) at line 2295
Warning: Unknown Unknown (\+add) at line 2307
Warning: Unknown Unknown (\+add) at line 2310
Warning: Unknown Unknown (\+add) at line 2314
Warning: Unknown Unknown (\+add) at line 2315
Warning: Unknown Unknown (\+add) at line 2327
Warning: Unknown Unknown (\+add) at line 2328
Warning: Unknown Unknown (\+add) at line 2335
Warning: Unknown Unknown (\+add) at line 2357
Warning: Unknown Unknown (\+add) at line 2359
Warning: Unknown Unknown (\+add) at line 2382
Warning: Unknown Unknown (\+add) at line 2424
Warning: Unknown Unknown (\+add) at line 2428
Warning: Unknown Unknown (\+add) at line 2428
Warning: Unknown Unknown (\+add) at line 2720
Warning: Unknown Unknown (\+add) at line 127
Warning: Unknown Unknown (\+add) at line 281
Warning: Unknown Unknown (\+add) at line 284
Warning: Unknown Unknown (\+add) at line 303
Warning: Unknown Unknown (\+add) at line 328
Warning: Unknown Unknown (\+add) at line 372
Warning: Unknown Unknown (\+add) at line 374
Warning: Unknown Unknown (\+add) at line 608
Warning: Unknown Unknown (\+add) at line 609
Warning: Unknown Unknown (\+add) at line 612
Warning: Unknown Unknown (\+add) at line 619
Warning: Unknown Unknown (\+add) at line 620
Warning: Unknown Unknown (\+add) at line 627
Warning: Unknown Unknown (\+add) at line 637
Warning: Unknown Unknown (\+add) at line 657
Warning: Unknown Unknown (\+add) at line 719
Warning: Unknown Unknown (\+add) at line 743
Warning: Unknown Unknown (\+add) at line 832
Warning: Unknown Unknown (\+add) at line 836
Warning: Unknown Unknown (\+add) at line 862
Warning: Unknown Unknown (\+add) at line 879
Warning: Unknown Unknown (\+add) at line 895
Warning: Unknown Unknown (\+add) at line 940
Warning: Unknown Unknown (\+add) at line 941
Warning: Unknown Unknown (\+add) at line 964
Warning: Unknown Unknown (\+add) at line 976
Warning: Unknown Unknown (\+add) at line 1004
Warning: Unknown Unknown (\+add) at line 1044
Warning: Unknown Unknown (\+add) at line 1097
Warning: Unknown Unknown (\+add) at line 1098
Warning: Unknown Unknown (\+add) at line 1113
Warning: Unknown Unknown (\+add) at line 1124
Warning: Unknown Unknown (\+add) at line 1125
Warning: Unknown Unknown (\+add) at line 1126
Warning: Unknown Unknown (\+add) at line 1130
Warning: Unknown Unknown (\+add) at line 1131
Warning: Unknown Unknown (\+add) at line 1133
Warning: Unknown Unknown (\+add) at line 1134
Warning: Unknown Unknown (\+add) at line 1141
Warning: Unknown Unknown (\+add) at line 1142
Warning: Unknown Unknown (\+add) at line 1162
Warning: Unknown Unknown (\+add) at line 1164
Warning: Unknown Unknown (\+add) at line 1190
Warning: Unknown Unknown (\+add) at line 1199
Warning: Unknown Unknown (\+add) at line 1202
Warning: Unknown Unknown (\+add) at line 1203
Warning: Unknown Unknown (\+add) at line 1203
Warning: Unknown Unknown (\+nd) at line 1218
Warning: Unknown Unknown (\+add) at line 1222
Warning: Unknown Unknown (\+add) at line 1225
Warning: Unknown Unknown (\+add) at line 1240
Warning: Unknown Unknown (\+add) at line 1241
Warning: Unknown Unknown (\+add) at line 1256
Warning: Unknown Unknown (\+add) at line 1257
Warning: Unknown Unknown (\+add) at line 1260
Warning: Unknown Unknown (\+add) at line 1261
Warning: Unknown Unknown (\+add) at line 1261
Warning: Unknown Unknown (\+add) at line 1264
Warning: Unknown Unknown (\+add) at line 1272
Warning: Unknown Unknown (\+add) at line 1277
Warning: Unknown Unknown (\+add) at line 1279
Warning: Unknown Unknown (\+add) at line 1287
Warning: Unknown Unknown (\+add) at line 1294
Warning: Unknown Unknown (\+add) at line 1300
Warning: Unknown Unknown (\+add) at line 1301
Warning: Unknown Unknown (\+add) at line 1301
Warning: Unknown Unknown (\+add) at line 1304
Warning: Unknown Unknown (\+add) at line 1320
Warning: Unknown Unknown (\+add) at line 1326
Warning: Unknown Unknown (\+add) at line 1331
Warning: Unknown Unknown (\+add) at line 1362
Warning: Unknown Unknown (\+add) at line 1380
Warning: Unknown Unknown (\+add) at line 1389
Warning: Unknown Unknown (\+add) at line 1416
Warning: Unknown Unknown (\+add) at line 1428
Warning: Unknown Unknown (\+add) at line 1434
Warning: Unknown Unknown (\+add) at line 1434
Warning: Unknown Unknown (\+add) at line 1439
Warning: Unknown Unknown (\+add) at line 1456
Warning: Unknown Unknown (\+add) at line 1517
Warning: Unknown Unknown (\+add) at line 446
Warning: Unknown Unknown (\+add) at line 469
Warning: Unknown Unknown (\+add) at line 469
Warning: Unknown Unknown (\+add) at line 613
Warning: Unknown Unknown (\+add) at line 620
Warning: Unknown Unknown (\+add) at line 648
Warning: Unknown Unknown (\+add) at line 676
Warning: Unknown Unknown (\+add) at line 677
Warning: Unknown Unknown (\+add) at line 678
Warning: Unknown Unknown (\+add) at line 680
Warning: Unknown Unknown (\+add) at line 680
Warning: Unknown Unknown (\+add) at line 683
Warning: Unknown Unknown (\+add) at line 696
Warning: Unknown Unknown (\+add) at line 698
Warning: Unknown Unknown (\+add) at line 700
Warning: Unknown Unknown (\+add) at line 707
Warning: Unknown Unknown (\+add) at line 713
Warning: Unknown Unknown (\+add) at line 810
Warning: Unknown Unknown (\+add) at line 821
Warning: Unknown Unknown (\+add) at line 867
Warning: Unknown Unknown (\+add) at line 875
Warning: Unknown Unknown (\+add) at line 912
Warning: Unknown Unknown (\+add) at line 917
Warning: Unknown Unknown (\+add) at line 919
Warning: Unknown Unknown (\+add) at line 923
Warning: Unknown Unknown (\+add) at line 923
Warning: Unknown Unknown (\+add) at line 926
Warning: Unknown Unknown (\+add) at line 1042
Warning: Unknown Unknown (\+add) at line 1097
Warning: Unknown Unknown (\+add) at line 1106
Warning: Unknown Unknown (\+add) at line 1169
Warning: Unknown Unknown (\+add) at line 1184
Warning: Unknown Unknown (\+add) at line 1190
Warning: Unknown Unknown (\+add) at line 1191
Warning: Unknown Unknown (\+add) at line 1205
Warning: Unknown Unknown (\+add) at line 1206
Warning: Unknown Unknown (\+add) at line 1213
Warning: Unknown Unknown (\+add) at line 1260
Warning: Unknown Unknown (\+add) at line 1260
Warning: Unknown Unknown (\+add) at line 1263
Warning: Unknown Unknown (\+add) at line 1266
Warning: Unknown Unknown (\+add) at line 1267
Warning: Unknown Unknown (\+add) at line 1280
Warning: Unknown Unknown (\+add) at line 1282
Warning: Unknown Unknown (\+add) at line 1283
Warning: Unknown Unknown (\+add) at line 1287
Warning: Unknown Unknown (\+add) at line 1289
Warning: Unknown Unknown (\+add) at line 1290
Warning: Unknown Unknown (\+add) at line 1294
Warning: Unknown Unknown (\+add) at line 1342
Warning: Unknown Unknown (\+add) at line 1346
Warning: Unknown Unknown (\+add) at line 1358
Warning: Unknown Unknown (\+add) at line 1375
Warning: Unknown Unknown (\+add) at line 1377
Warning: Unknown Unknown (\+add) at line 1379
Warning: Unknown Unknown (\+add) at line 1385
Warning: Unknown Unknown (\+add) at line 1396
Warning: Unknown Unknown (\+add) at line 1399
Warning: Unknown Unknown (\+add) at line 1400
Warning: Unknown Unknown (\+add) at line 1404
Warning: Unknown Unknown (\+add) at line 1405
Warning: Unknown Unknown (\+add) at line 1408
Warning: Unknown Unknown (\+add) at line 1419
Warning: Unknown Unknown (\+add) at line 1429
Warning: Unknown Unknown (\+add) at line 1430
Warning: Unknown Unknown (\+add) at line 1434
Warning: Unknown Unknown (\+add) at line 1442
Warning: Unknown Unknown (\+add) at line 1484
Warning: Unknown Unknown (\+add) at line 1504
Warning: Unknown Unknown (\+add) at line 1506
Warning: Unknown Unknown (\+add) at line 1509
Warning: Unknown Unknown (\+add) at line 1515
Warning: Unknown Unknown (\+add) at line 1528
Warning: Unknown Unknown (\+add) at line 1544
Warning: Unknown Unknown (\+add) at line 1549
Warning: Unknown Unknown (\+add) at line 1554
Warning: Unknown Unknown (\+add) at line 1565
Warning: Unknown Unknown (\+add) at line 1566
Warning: Unknown Unknown (\+add) at line 1567
Warning: Unknown Unknown (\+add) at line 1575
Warning: Unknown Unknown (\+add) at line 1579
Warning: Unknown Unknown (\+add) at line 1580
Warning: Unknown Unknown (\+add) at line 1582
Warning: Unknown Unknown (\+add) at line 1602
Warning: Unknown Unknown (\+add) at line 1604
Warning: Unknown Unknown (\+add) at line 1609
Warning: Unknown Unknown (\+add) at line 1629
Warning: Unknown Unknown (\+add) at line 1636
Warning: Unknown Unknown (\+add) at line 1637
Warning: Unknown Unknown (\+add) at line 1637
Warning: Unknown Unknown (\+add) at line 1652
Warning: Unknown Unknown (\+add) at line 1654
Warning: Unknown Unknown (\+add) at line 1654
Warning: Unknown Unknown (\+add) at line 1686
Warning: Unknown Unknown (\+add) at line 1689
Warning: Unknown Unknown (\+add) at line 1690
Warning: Unknown Unknown (\+add) at line 1691
Warning: Unknown Unknown (\+add) at line 1700
Warning: Unknown Unknown (\+add) at line 1702
Warning: Unknown Unknown (\+add) at line 1706
Warning: Unknown Unknown (\+add) at line 1707
Warning: Unknown Unknown (\+add) at line 1709
Warning: Unknown Unknown (\+add) at line 1710
Warning: Unknown Unknown (\+add) at line 1730
Warning: Unknown Unknown (\+add) at line 1744
Warning: Unknown Unknown (\+add) at line 1758
Warning: Unknown Unknown (\+add) at line 1772
Warning: Unknown Unknown (\+add) at line 1779
Warning: Unknown Unknown (\+add) at line 1785
Warning: Unknown Unknown (\+add) at line 1786
Warning: Unknown Unknown (\+add) at line 1788
Warning: Unknown Unknown (\+add) at line 1788
Warning: Unknown Unknown (\+add) at line 1800
Warning: Unknown Unknown (\+add) at line 1803
Warning: Unknown Unknown (\+add) at line 1816
Warning: Unknown Unknown (\+add) at line 1816
Warning: Unknown Unknown (\+add) at line 1818
Warning: Unknown Unknown (\+add) at line 1827
Warning: Unknown Unknown (\+add) at line 1828
Warning: Unknown Unknown (\+add) at line 1828
Warning: Unknown Unknown (\+add) at line 1829
Warning: Unknown Unknown (\+add) at line 1835
Warning: Unknown Unknown (\+add) at line 1836
Warning: Unknown Unknown (\+add) at line 1837
Warning: Unknown Unknown (\+add) at line 1861
Warning: Unknown Unknown (\+add) at line 1862
Warning: Unknown Unknown (\+add) at line 1863
Warning: Unknown Unknown (\+add) at line 1876
Warning: Unknown Unknown (\+add) at line 1900
Warning: Unknown Unknown (\+add) at line 1917
Warning: Unknown Unknown (\+add) at line 1929
Warning: Unknown Unknown (\+add) at line 1936
Warning: Unknown Unknown (\+add) at line 1957
Warning: Unknown Unknown (\+add) at line 1972
Warning: Unknown Unknown (\+add) at line 2013
Warning: Unknown Unknown (\+add) at line 2026
Warning: Unknown Unknown (\+add) at line 2028
Warning: Unknown Unknown (\+add) at line 2028
Warning: Unknown Unknown (\+add) at line 2030
Warning: Unknown Unknown (\+add) at line 2030
Warning: Unknown Unknown (\+add) at line 2042
Warning: Unknown Unknown (\+add) at line 2051
Warning: Unknown Unknown (\+add) at line 2053
Warning: Unknown Unknown (\+add) at line 2055
Warning: Unknown Unknown (\+add) at line 2058
Warning: Unknown Unknown (\+add) at line 2082
Warning: Unknown Unknown (\+add) at line 2087
Warning: Unknown Unknown (\+add) at line 2090
Warning: Unknown Unknown (\+add) at line 2103
Warning: Unknown Unknown (\+add) at line 2103
Warning: Unknown Unknown (\+add) at line 2134
Warning: Unknown Unknown (\+add) at line 2187
Warning: Unknown Unknown (\+add) at line 2201
Warning: Unknown Unknown (\+add) at line 2206
Warning: Unknown Unknown (\+add) at line 2212
Warning: Unknown Unknown (\+add) at line 2218
Warning: Unknown Unknown (\+add) at line 2225
Warning: Unknown Unknown (\+add) at line 2227
Warning: Unknown Unknown (\+add) at line 2228
Warning: Unknown Unknown (\+add) at line 2253
Warning: Unknown Unknown (\+add) at line 2292
Warning: Unknown Unknown (\+add) at line 2294
Warning: Unknown Unknown (\+add) at line 2294
Warning: Unknown Unknown (\+add) at line 2297
Warning: Unknown Unknown (\+add) at line 2299
Warning: Unknown Unknown (\+add) at line 2304
Warning: Unknown Unknown (\+nd) at line 2367
Warning: Unknown Unknown (\+add) at line 2393
Warning: Unknown Unknown (\+add) at line 2400
Warning: Unknown Unknown (\+add) at line 2404
Warning: Unknown Unknown (\+add) at line 2411
Warning: Unknown Unknown (\+add) at line 2411
Warning: Unknown Unknown (\+add) at line 2415
Warning: Unknown Unknown (\+add) at line 2420
Warning: Unknown Unknown (\+add) at line 2422
Warning: Unknown Unknown (\+add) at line 2463
Warning: Unknown Unknown (\+add) at line 2511
Warning: Unknown Unknown (\+add) at line 2519
Warning: Unknown Unknown (\+add) at line 2521
Warning: Unknown Unknown (\+add) at line 2533
Warning: Unknown Unknown (\+add) at line 2533
Warning: Unknown Unknown (\+add) at line 2536
Warning: Unknown Unknown (\+add) at line 2537
Warning: Unknown Unknown (\+add) at line 2546
Warning: Unknown Unknown (\+add) at line 2546
Warning: Unknown Unknown (\+add) at line 2557
Warning: Unknown Unknown (\+add) at line 2557
Warning: Unknown Unknown (\+add) at line 2630
Warning: Unknown Unknown (\+add) at line 2631
Warning: Unknown Unknown (\+add) at line 2645
Warning: Unknown Unknown (\+add) at line 2706
Warning: Unknown Unknown (\+add) at line 2805
Warning: Unknown Unknown (\+add) at line 2850
Warning: Unknown Unknown (\+add) at line 2864
Warning: Unknown Unknown (\+add) at line 2866
Warning: Unknown Unknown (\+add) at line 2867
Warning: Unknown Unknown (\+add) at line 192
Warning: Unknown Unknown (\+add) at line 207
Warning: Unknown Unknown (\+add) at line 209
Warning: Unknown Unknown (\+add) at line 317
Warning: Unknown Unknown (\+add) at line 318
Warning: Unknown Unknown (\+add) at line 321
Warning: Unknown Unknown (\+add) at line 340
Warning: Unknown Unknown (\+add) at line 441
Warning: Unknown Unknown (\+add) at line 444
Warning: Unknown Unknown (\+add) at line 492
Warning: Unknown Unknown (\+add) at line 494
Warning: Unknown Unknown (\+add) at line 494
Warning: Unknown Unknown (\+add) at line 643
Warning: Unknown Unknown (\+add) at line 646
Warning: Unknown Unknown (\+add) at line 647
Warning: Unknown Unknown (\+add) at line 701
Warning: Unknown Unknown (\+add) at line 705
Warning: Unknown Unknown (\+add) at line 739
Warning: Unknown Unknown (\+add) at line 740
Warning: Unknown Unknown (\+add) at line 741
Warning: Unknown Unknown (\+add) at line 814
Warning: Unknown Unknown (\+add) at line 836
Warning: Unknown Unknown (\+add) at line 839
Warning: Unknown Unknown (\+add) at line 846
Warning: Unknown Unknown (\+add) at line 846
Warning: Unknown Unknown (\+add) at line 853
Warning: Unknown Unknown (\+add) at line 861
Warning: Unknown Unknown (\+add) at line 880
Warning: Unknown Unknown (\+add) at line 882
Warning: Unknown Unknown (\+add) at line 887
Warning: Unknown Unknown (\+add) at line 892
Warning: Unknown Unknown (\+add) at line 913
Warning: Unknown Unknown (\+add) at line 1036
Warning: Unknown Unknown (\+add) at line 1044
Warning: Unknown Unknown (\+add) at line 1050
Warning: Unknown Unknown (\+add) at line 1076
Warning: Unknown Unknown (\+add) at line 1077
Warning: Unknown Unknown (\+add) at line 1078
Warning: Unknown Unknown (\+add) at line 1078
Warning: Unknown Unknown (\+add) at line 1080
Warning: Unknown Unknown (\+add) at line 1096
Warning: Unknown Unknown (\+add) at line 1193
Warning: Unknown Unknown (\+add) at line 1294
Warning: Unknown Unknown (\+add) at line 1308
Warning: Unknown Unknown (\+add) at line 1379
Warning: Unknown Unknown (\+add) at line 1386
Warning: Unknown Unknown (\+add) at line 1388
Warning: Unknown Unknown (\+add) at line 1401
Warning: Unknown Unknown (\+add) at line 1417
Warning: Unknown Unknown (\+add) at line 1440
Warning: Unknown Unknown (\+add) at line 1455
Warning: Unknown Unknown (\+add) at line 1456
Warning: Unknown Unknown (\+add) at line 1459
Warning: Unknown Unknown (\+add) at line 1472
Warning: Unknown Unknown (\+add) at line 1477
Warning: Unknown Unknown (\+add) at line 1480
Warning: Unknown Unknown (\+add) at line 1484
Warning: Unknown Unknown (\+add) at line 1489
Warning: Unknown Unknown (\+add) at line 1495
Warning: Unknown Unknown (\+add) at line 1507
Warning: Unknown Unknown (\+add) at line 1509
Warning: Unknown Unknown (\+add) at line 1517
Warning: Unknown Unknown (\+add) at line 1530
Warning: Unknown Unknown (\+add) at line 1537
Warning: Unknown Unknown (\+add) at line 1541
Warning: Unknown Unknown (\+add) at line 1552
Warning: Unknown Unknown (\+add) at line 1562
Warning: Unknown Unknown (\+add) at line 1567
Warning: Unknown Unknown (\+add) at line 1583
Warning: Unknown Unknown (\+add) at line 1586
Warning: Unknown Unknown (\+add) at line 1618
Warning: Unknown Unknown (\+add) at line 1621
Warning: Unknown Unknown (\+add) at line 1623
Warning: Unknown Unknown (\+add) at line 1648
Warning: Unknown Unknown (\+add) at line 1691
Warning: Unknown Unknown (\+add) at line 1700
Warning: Unknown Unknown (\+add) at line 1719
Warning: Unknown Unknown (\+add) at line 1733
Warning: Unknown Unknown (\+add) at line 1748
Warning: Unknown Unknown (\+add) at line 1754
Warning: Unknown Unknown (\+add) at line 1863
Warning: Unknown Unknown (\+add) at line 1991
Warning: Unknown Unknown (\+add) at line 1999
Warning: Unknown Unknown (\+add) at line 2003
Warning: Unknown Unknown (\+add) at line 2004
Warning: Unknown Unknown (\+add) at line 2008
Warning: Unknown Unknown (\+add) at line 2008
Warning: Unknown Unknown (\+add) at line 2020
Warning: Unknown Unknown (\+add) at line 2023
Warning: Unknown Unknown (\+add) at line 2027
Warning: Unknown Unknown (\+add) at line 2028
Warning: Unknown Unknown (\+add) at line 2066
Warning: Unknown Unknown (\+add) at line 2075
Warning: Unknown Unknown (\+add) at line 2078
Warning: Unknown Unknown (\+add) at line 2081
Warning: Unknown Unknown (\+add) at line 2089
Warning: Unknown Unknown (\+add) at line 2100
Warning: Unknown Unknown (\+add) at line 764
Warning: Unknown Unknown (\+add) at line 782
Warning: Unknown Unknown (\+add) at line 785
Warning: Unknown Unknown (\+add) at line 2409
Warning: Unknown Unknown (\+add) at line 2417
Warning: Unknown Unknown (\+add) at line 2419
Warning: Unknown Unknown (\+add) at line 2419
Warning: Unknown Unknown (\+add) at line 2420
Warning: Unknown Unknown (\+add) at line 635
Warning: Unknown Unknown (\+add) at line 41
Warning: Unknown Unknown (\+add) at line 61
Warning: Unknown Unknown (\+add) at line 81
Warning: Unknown Unknown (\+add) at line 95
Warning: Unknown Unknown (\+add) at line 96
Warning: Unknown Unknown (\+add) at line 99
Warning: Unknown Unknown (\+add) at line 108
Warning: Unknown Unknown (\+add) at line 109
Warning: Unknown Unknown (\+add) at line 111
Warning: Unknown Unknown (\+add) at line 124
Warning: Unknown Unknown (\+add) at line 128
Warning: Unknown Unknown (\+add) at line 130
Warning: Unknown Unknown (\+add) at line 147
Warning: Unknown Unknown (\+add) at line 196
Warning: Unknown Unknown (\+add) at line 198
Warning: Unknown Unknown (\+add) at line 214
Warning: Unknown Unknown (\+add) at line 1186
Warning: Unknown Unknown (\+add) at line 1199
Warning: Unknown Unknown (\+add) at line 1210
$SCRIPT engmtv_usfm/*.SFM > emtv.acc
$SCRIPT engweb_usfm/*.usfm > engweb.acc
$SCRIPT pickeringfamily35nt_usfm/*.usfm > pickering.acc
Warning: Unknown marker '\mt4' at line 9 in pickeringfamily35nt_usfm/00-FRTgrcf35.usfm
Warning: Unknown marker '\mt4' at line 11 in pickeringfamily35nt_usfm/00-FRTgrcf35.usfm
Warning: Unknown marker '\mt4' at line 13 in pickeringfamily35nt_usfm/00-FRTgrcf35.usfm
Error processing pickeringfamily35nt_usfm/00-FRTgrcf35.usfm: pickeringfamily35nt_usfm/00-FRTgrcf35.usfm:9: Unexpected marker at book level (missing chapter?): mt4
$SCRIPT robinsonpierpontmt_usfm/*.usfm > robpier.acc
$SCRIPT sblgnt_usfm/*.sfm > sblgnt.acc
$SCRIPT solidrockhebrew/*.sfm > solidrockhebrew.acc
$SCRIPT unfoldingWordHebrew/*.usfm > unfoldingwordhebrew.acc
Warning: Unknown marker '\usfm' at line 2 in unfoldingWordHebrew/01-GEN.usfm
Error processing unfoldingWordHebrew/01-GEN.usfm: unfoldingWordHebrew/01-GEN.usfm:2: Unexpected marker at book level (missing chapter?): usfm
